// Vitest Snapshot v1, https://vitest.dev/guide/snapshot.html

exports[`Polkadot AssetHub <> Ethereum > XCM V3 > Snowbridge WETH From AssetHub to Ethereum > assetHub xcm message sent 1`] = `
[
  {
    "data": {
      "outcome": {
        "Complete": {
          "used": {
            "proofSize": "(redacted)",
            "refTime": "(redacted)",
          },
        },
      },
    },
    "method": "Attempted",
    "section": "polkadotXcm",
  },
  {
    "data": {
      "fees": [
        {
          "fun": {
            "Fungible": "(rounded 15000000000)",
          },
          "id": {
            "interior": "Here",
            "parents": 1,
          },
        },
      ],
      "paying": {
        "interior": {
          "X1": [
            {
              "AccountId32": {
                "id": "(hash)",
                "network": "Polkadot",
              },
            },
          ],
        },
        "parents": 0,
      },
    },
    "method": "FeesPaid",
    "section": "polkadotXcm",
  },
  {
    "data": {
      "destination": {
        "interior": {
          "X1": [
            {
              "GlobalConsensus": {
                "Ethereum": {
                  "chainId": 1,
                },
              },
            },
          ],
        },
        "parents": 2,
      },
      "message": [
        {
          "WithdrawAsset": [
            {
              "fun": {
                "Fungible": 25000000000000,
              },
              "id": {
                "interior": {
                  "X1": [
                    {
                      "AccountKey20": {
                        "key": "0xc02aaa39b223fe8d0a0e5c4f27ead9083c756cc2",
                        "network": null,
                      },
                    },
                  ],
                },
                "parents": 0,
              },
            },
          ],
        },
        "ClearOrigin",
        {
          "BuyExecution": {
            "fees": {
              "fun": {
                "Fungible": 25000000000000,
              },
              "id": {
                "interior": {
                  "X1": [
                    {
                      "AccountKey20": {
                        "key": "0xc02aaa39b223fe8d0a0e5c4f27ead9083c756cc2",
                        "network": null,
                      },
                    },
                  ],
                },
                "parents": 0,
              },
            },
            "weightLimit": "Unlimited",
          },
        },
        {
          "DepositAsset": {
            "assets": {
              "Wild": {
                "AllCounted": 1,
              },
            },
            "beneficiary": {
              "interior": {
                "X1": [
                  {
                    "AccountKey20": {
                      "key": "0xf24ff3a9cf04c71dbc94d0b566f7a27b94566cac",
                      "network": null,
                    },
                  },
                ],
              },
              "parents": 0,
            },
          },
        },
      ],
      "messageId": "(redacted)",
      "origin": {
        "interior": {
          "X1": [
            {
              "AccountId32": {
                "id": "(hash)",
                "network": "Polkadot",
              },
            },
          ],
        },
        "parents": 0,
      },
    },
    "method": "Sent",
    "section": "polkadotXcm",
  },
]
`;

exports[`Polkadot AssetHub <> Ethereum > XCM V3 > Snowbridge WETH From AssetHub to Ethereum > bridgehub ethereum outbound queue events 1`] = `
[
  {
    "data": {
      "id": "(hash)",
    },
    "method": "MessageQueued",
    "section": "ethereumOutboundQueue",
  },
  {
    "data": {
      "id": "(hash)",
      "nonce": "(redacted)",
    },
    "method": "MessageAccepted",
    "section": "ethereumOutboundQueue",
  },
  {
    "data": {
      "count": 1,
      "root": "(hash)",
    },
    "method": "MessagesCommitted",
    "section": "ethereumOutboundQueue",
  },
]
`;

exports[`Polkadot AssetHub <> Ethereum > XCM V4 > Snowbridge WETH From AssetHub to Ethereum > assetHub xcm message sent 1`] = `
[
  {
    "data": {
      "outcome": {
        "Complete": {
          "used": {
            "proofSize": "(redacted)",
            "refTime": "(redacted)",
          },
        },
      },
    },
    "method": "Attempted",
    "section": "polkadotXcm",
  },
  {
    "data": {
      "fees": [
        {
          "fun": {
            "Fungible": "(rounded 15000000000)",
          },
          "id": {
            "interior": "Here",
            "parents": 1,
          },
        },
      ],
      "paying": {
        "interior": {
          "X1": [
            {
              "AccountId32": {
                "id": "(hash)",
                "network": "Polkadot",
              },
            },
          ],
        },
        "parents": 0,
      },
    },
    "method": "FeesPaid",
    "section": "polkadotXcm",
  },
  {
    "data": {
      "destination": {
        "interior": {
          "X1": [
            {
              "GlobalConsensus": {
                "Ethereum": {
                  "chainId": 1,
                },
              },
            },
          ],
        },
        "parents": 2,
      },
      "message": [
        {
          "WithdrawAsset": [
            {
              "fun": {
                "Fungible": 25000000000000,
              },
              "id": {
                "interior": {
                  "X1": [
                    {
                      "AccountKey20": {
                        "key": "0xc02aaa39b223fe8d0a0e5c4f27ead9083c756cc2",
                        "network": null,
                      },
                    },
                  ],
                },
                "parents": 0,
              },
            },
          ],
        },
        "ClearOrigin",
        {
          "BuyExecution": {
            "fees": {
              "fun": {
                "Fungible": 25000000000000,
              },
              "id": {
                "interior": {
                  "X1": [
                    {
                      "AccountKey20": {
                        "key": "0xc02aaa39b223fe8d0a0e5c4f27ead9083c756cc2",
                        "network": null,
                      },
                    },
                  ],
                },
                "parents": 0,
              },
            },
            "weightLimit": "Unlimited",
          },
        },
        {
          "DepositAsset": {
            "assets": {
              "Wild": {
                "AllCounted": 1,
              },
            },
            "beneficiary": {
              "interior": {
                "X1": [
                  {
                    "AccountKey20": {
                      "key": "0xf24ff3a9cf04c71dbc94d0b566f7a27b94566cac",
                      "network": null,
                    },
                  },
                ],
              },
              "parents": 0,
            },
          },
        },
      ],
      "messageId": "(redacted)",
      "origin": {
        "interior": {
          "X1": [
            {
              "AccountId32": {
                "id": "(hash)",
                "network": "Polkadot",
              },
            },
          ],
        },
        "parents": 0,
      },
    },
    "method": "Sent",
    "section": "polkadotXcm",
  },
]
`;

exports[`Polkadot AssetHub <> Ethereum > XCM V4 > Snowbridge WETH From AssetHub to Ethereum > bridgehub ethereum outbound queue events 1`] = `
[
  {
    "data": {
      "id": "(hash)",
    },
    "method": "MessageQueued",
    "section": "ethereumOutboundQueue",
  },
  {
    "data": {
      "id": "(hash)",
      "nonce": "(redacted)",
    },
    "method": "MessageAccepted",
    "section": "ethereumOutboundQueue",
  },
  {
    "data": {
      "count": 1,
      "root": "(hash)",
    },
    "method": "MessagesCommitted",
    "section": "ethereumOutboundQueue",
  },
]
`;
